void
int
double
bool
string
class
null
for
while
if
else
return
break
new
T_ID his
NewArray
Print
ReadInteger
ReadLine
