T_INTLITERAL 0
T_ID x0
T_INTLITERAL 0
T_ID x1
T_INTLITERAL 0
T_ID xe43620
T_INTLITERAL 0
T_ID x11
T_INTLITERAL 0
T_ID xbeef
T_INTLITERAL 0
T_ID xF
T_INTLITERAL 0
T_ID xF00
T_INTLITERAL 0
T_ID xB1ad
