T_INTLITERAL 10
T_DOUBLELITERAL 9.6
T_STRINGLITERAL "Hello"
T_ID rue
T_ID false
